Circuit: * C:\Users\Robin\Documents\MicrowaveLocalOscillator\10MhzDiplexer.asc

Warning: Multiple definitions of model "2scr375p" Type: BJT
Warning: Multiple definitions of model "bc857b" Type: BJT
Warning: Multiple definitions of model "bc847c" Type: BJT
Warning: Multiple definitions of model "bc847b" Type: BJT
WARNING: Less than two connections to node n008.  This node is used by a1.
Direct Newton iteration for .op point succeeded.

Date: Wed Sep 13 23:27:41 2023
Total elapsed time: 0.158 seconds.

tnom = 27
temp = 27
method = modified trap
totiter = 2118
traniter = 2113
tranpoints = 1047
accept = 1046
rejected = 1
matrix size = 13
fillins = 5
solver = Normal
Avg thread counts: 2.3/3.6/3.6/2.3
Matrix Compiler1: 902 bytes object code size  0.4/0.3/[0.3]
Matrix Compiler2: off  [0.2]/0.4/0.2

